$ /usr/bin/python3 /home/roland/UberDDR3/scripts/task6/read_jtag_debug_ftdi_bitbang.py --tdo-bit 7 --bits 1024 --json-only
{
  "attempts": 1,
  "backend": "ftdi-mpsse",
  "c_fc_gemv_lane1_samples": [
    {
      "acc_after": 0,
      "acc_after_matches_expected": false,
      "acc_before": 0,
      "acc_before_matches_expected": true,
      "activation": 0,
      "activation_matches_expected": false,
      "expected": {
        "acc_after": -385,
        "acc_before": 0,
        "activation": 7,
        "issue_index": 1,
        "mac_index": 0,
        "product": -385,
        "weight": -55,
        "weight_addr": 0
      },
      "issue_index": 0,
      "issue_index_matches_expected": false,
      "mac_index": 0,
      "mac_index_matches_expected": true,
      "product": 0,
      "product_matches_expected": false,
      "sample_index": 0,
      "weight_addr": 0,
      "weight_addr_matches_expected": true,
      "weight_lane1": 0,
      "weight_matches_expected": false
    }
  ],
  "c_fc_post_gelu_samples": [],
  "c_fc_transfer_post_gelu_samples": [],
  "c_proj_gemv_lane0_samples": [],
  "decoded": {
    "c_proj_requant_stage": "OK_OR_DOWNSTREAM",
    "fail_reason": "NONE",
    "state": "SELFTEST_BOOT",
    "status": {
      "fail": false,
      "first_add_seen": true,
      "first_c_proj_requant_seen": true,
      "pass": true
    }
  },
  "fields": {
    "c_fc_gemv_lane1_final_acc": 0,
    "c_fc_gemv_lane1_sample_count": 0,
    "c_fc_transfer_post_gelu_samples": 0,
    "c_proj_gemv_lane0_expected_weights": 0,
    "c_proj_gemv_lane0_final_acc": 0,
    "c_proj_gemv_lane0_sample_count": 0,
    "c_proj_requant_stage": 0,
    "cycle_count": 6700223,
    "debug_sample_count": 0,
    "expected_c_proj_acc0": 639041536,
    "expected_c_proj_acc1": 0,
    "expected_c_proj_bias0": 44367872,
    "expected_c_proj_bias1": 0,
    "expected_c_proj_biased0": 282353279172608,
    "expected_c_proj_output0": 0,
    "expected_c_proj_output1": 0,
    "expected_c_proj_product0": -8957941133816561662,
    "expected_c_proj_scale0": 0,
    "expected_c_proj_scale1": 0,
    "expected_c_proj_scaled0": 269025280,
    "expected_residual1": 0,
    "expected_residual_add_output0": 0,
    "expected_residual_add_output1": 0,
    "fail_expected": 0,
    "fail_expected_c_proj": 17,
    "fail_index": 0,
    "fail_observed": 0,
    "fail_reason": 0,
    "first_add_c_proj": 0,
    "first_add_output": 0,
    "first_add_residual": 0,
    "first_add_seen": 0,
    "first_c_proj_requant_acc": 0,
    "first_c_proj_requant_bias": 0,
    "first_c_proj_requant_biased": 0,
    "first_c_proj_requant_output": 0,
    "first_c_proj_requant_product": 0,
    "first_c_proj_requant_scale": 0,
    "first_c_proj_requant_scaled": 0,
    "first_c_proj_requant_seen": 0,
    "magic": 1412844100,
    "second_add_c_proj": 0,
    "second_add_output": 0,
    "second_add_residual": 0,
    "second_add_seen": 0,
    "second_c_proj_requant_acc": 0,
    "second_c_proj_requant_bias": 0,
    "second_c_proj_requant_scale": 0,
    "second_c_proj_requant_seen": 0,
    "state": 0,
    "status": 13,
    "version": 23
  },
  "magic_ok": true,
  "raw_hex": "0x0000000000000000000000000000000000000000000000000000000000000000000000000000000000000000000000000000000000000000000000000000000000000000000100cc7ee80000000000001009000083af00000001000202a500000000000026170000000000000000000000110000000000663cbfd01754364a44",
  "serial": "210299BF3824"
}
