$ /usr/bin/python3 /home/roland/UberDDR3/scripts/task6/read_jtag_debug_ftdi_bitbang.py --tdo-bit 7 --bits 1024 --json-only
{
  "attempts": 1,
  "backend": "ftdi-mpsse",
  "c_fc_gemv_lane1_samples": [
    {
      "acc_after": 0,
      "acc_after_matches_expected": false,
      "acc_before": 37120,
      "acc_before_matches_expected": false,
      "activation": 0,
      "activation_matches_expected": false,
      "expected": {
        "acc_after": -385,
        "acc_before": 0,
        "activation": 7,
        "issue_index": 1,
        "mac_index": 0,
        "product": -385,
        "weight": -55,
        "weight_addr": 0
      },
      "issue_index": 119,
      "issue_index_matches_expected": false,
      "mac_index": 0,
      "mac_index_matches_expected": true,
      "product": 0,
      "product_matches_expected": false,
      "sample_index": 0,
      "weight_addr": 128,
      "weight_addr_matches_expected": false,
      "weight_lane1": -111,
      "weight_matches_expected": false
    }
  ],
  "c_fc_post_gelu_samples": [],
  "c_fc_transfer_post_gelu_samples": [],
  "c_proj_gemv_lane0_samples": [],
  "decoded": {
    "c_proj_requant_stage": "OK_OR_DOWNSTREAM",
    "fail_reason": "UNKNOWN_221",
    "state": "SELFTEST_LOAD_C_FC_REQUANT",
    "status": {
      "fail": false,
      "first_add_seen": true,
      "first_c_proj_requant_seen": true,
      "pass": true
    }
  },
  "fields": {
    "c_fc_gemv_lane1_final_acc": 604274828,
    "c_fc_gemv_lane1_sample_count": 128,
    "c_fc_transfer_post_gelu_samples": 130841884502399,
    "c_proj_gemv_lane0_expected_weights": 13372376507689,
    "c_proj_gemv_lane0_final_acc": 604274828,
    "c_proj_gemv_lane0_sample_count": 128,
    "c_proj_requant_stage": 0,
    "cycle_count": 2436208,
    "debug_sample_count": 128,
    "expected_c_proj_acc0": -1477836800,
    "expected_c_proj_acc1": 797055,
    "expected_c_proj_bias0": 10855741,
    "expected_c_proj_bias1": 8419072,
    "expected_c_proj_biased0": 281794386264064,
    "expected_c_proj_output0": 0,
    "expected_c_proj_output1": 36,
    "expected_c_proj_product0": -8957940996396154880,
    "expected_c_proj_scale0": -1052966909,
    "expected_c_proj_scale1": 30464,
    "expected_c_proj_scaled0": 296393150745346048,
    "expected_residual1": 4,
    "expected_residual_add_output0": 0,
    "expected_residual_add_output1": 41,
    "fail_expected": 0,
    "fail_expected_c_proj": -41,
    "fail_index": 147,
    "fail_observed": 0,
    "fail_reason": 221,
    "first_add_c_proj": 0,
    "first_add_output": 0,
    "first_add_residual": 6,
    "first_add_seen": 2,
    "first_c_proj_requant_acc": -1522679491,
    "first_c_proj_requant_bias": -1523822292,
    "first_c_proj_requant_biased": 153978873368703,
    "first_c_proj_requant_output": 0,
    "first_c_proj_requant_product": 190488865689900,
    "first_c_proj_requant_scale": -1522679491,
    "first_c_proj_requant_scaled": -3285990950060380928,
    "first_c_proj_requant_seen": 0,
    "magic": 1412844100,
    "second_add_c_proj": -116,
    "second_add_output": -128,
    "second_add_residual": -128,
    "second_add_seen": 101,
    "second_c_proj_requant_acc": 37120,
    "second_c_proj_requant_bias": 0,
    "second_c_proj_requant_scale": 37120,
    "second_c_proj_requant_seen": 192,
    "state": 3,
    "status": 13,
    "version": 23
  },
  "magic_ok": true,
  "raw_hex": "0x0000000000009100000091000080770000007700000c297fc065292404808c8000008c0b000cd07fd265d0a40e80ad000000ad3fa52c512ca52c512ca53dc13da53dc13d0001004a5e4b0000041d00001009000083af001ffee6000000a5a53dc13d0003a7ea0000000000000002000006d7000093dd00252c70d31754364a44",
  "serial": "210299BF3824"
}
