$ /usr/bin/python3 /home/roland/UberDDR3/scripts/task6/read_jtag_debug_ftdi_bitbang.py --tdo-bit 7 --bits 1024 --json-only
{
  "attempts": 1,
  "backend": "ftdi-mpsse",
  "c_fc_gemv_lane1_samples": [
    {
      "acc_after": 0,
      "acc_after_matches_expected": false,
      "acc_before": 37120,
      "acc_before_matches_expected": false,
      "activation": 0,
      "activation_matches_expected": false,
      "expected": {
        "acc_after": -385,
        "acc_before": 0,
        "activation": 7,
        "issue_index": 1,
        "mac_index": 0,
        "product": -385,
        "weight": -55,
        "weight_addr": 0
      },
      "issue_index": 119,
      "issue_index_matches_expected": false,
      "mac_index": 0,
      "mac_index_matches_expected": true,
      "product": 0,
      "product_matches_expected": false,
      "sample_index": 0,
      "weight_addr": 0,
      "weight_addr_matches_expected": true,
      "weight_lane1": -111,
      "weight_matches_expected": false
    }
  ],
  "c_fc_post_gelu_samples": [],
  "c_fc_transfer_post_gelu_samples": [],
  "c_proj_gemv_lane0_samples": [],
  "decoded": {
    "c_proj_requant_stage": "OK_OR_DOWNSTREAM",
    "fail_reason": "UNKNOWN_221",
    "state": "SELFTEST_LOAD_C_FC_REQUANT",
    "status": {
      "fail": false,
      "first_add_seen": true,
      "first_c_proj_requant_seen": true,
      "pass": true
    }
  },
  "fields": {
    "c_fc_gemv_lane1_final_acc": 262284,
    "c_fc_gemv_lane1_sample_count": 0,
    "c_fc_transfer_post_gelu_samples": 130841892366847,
    "c_proj_gemv_lane0_expected_weights": 145315915164457,
    "c_proj_gemv_lane0_final_acc": 262284,
    "c_proj_gemv_lane0_sample_count": 0,
    "c_proj_requant_stage": 0,
    "cycle_count": 6061050,
    "debug_sample_count": 0,
    "expected_c_proj_acc0": 51904512,
    "expected_c_proj_acc1": 8661503,
    "expected_c_proj_bias0": 77964544,
    "expected_c_proj_bias1": 30464,
    "expected_c_proj_biased0": 282269501685760,
    "expected_c_proj_output0": 0,
    "expected_c_proj_output1": 0,
    "expected_c_proj_product0": -8957940996429709308,
    "expected_c_proj_scale0": -1056964608,
    "expected_c_proj_scale1": 30464,
    "expected_c_proj_scaled0": 292452501071396864,
    "expected_residual1": 4,
    "expected_residual_add_output0": 0,
    "expected_residual_add_output1": 41,
    "fail_expected": 0,
    "fail_expected_c_proj": -41,
    "fail_index": 147,
    "fail_observed": 0,
    "fail_reason": 221,
    "first_add_c_proj": 0,
    "first_add_output": 0,
    "first_add_residual": 6,
    "first_add_seen": 2,
    "first_c_proj_requant_acc": -1526677248,
    "first_c_proj_requant_bias": -1526705920,
    "first_c_proj_requant_biased": 153931636592895,
    "first_c_proj_requant_output": 0,
    "first_c_proj_requant_product": 190218279866624,
    "first_c_proj_requant_scale": -1526677248,
    "first_c_proj_requant_scaled": -3248274007597732608,
    "first_c_proj_requant_seen": 0,
    "magic": 1412844100,
    "second_add_c_proj": -116,
    "second_add_output": 0,
    "second_add_residual": 0,
    "second_add_seen": 235,
    "second_c_proj_requant_acc": 37120,
    "second_c_proj_requant_bias": 0,
    "second_c_proj_requant_scale": 37120,
    "second_c_proj_requant_seen": 128,
    "state": 3,
    "status": 13,
    "version": 23
  },
  "magic_ok": true,
  "raw_hex": "0x0000000000009100000091000000770000007700008429ff80eb290004008c0000008c000084d0ffd2ebd0000c00ad000000ad00a5005100a5005100a500c100a500c100000100b8fd610000040f00001009000083af001ffce6000404a5a500c100000003180000000000000002000006d7000093dd005c7bfad31754364a44",
  "serial": "210299BF3824"
}
