{
  "attempts": 100,
  "bitstream": "/nix/store/ps3lqnmy02vrrn73rvm4s0cp7kgmwqsk-ypcb-ddr3-bitstream-seed-6/ypcb_00338_1p1_ddr3_openxc7.bit",
  "bitstream_sha256": "33d8673e84901196f561ec2418bcd9bab6283c203e820d57617f7ae7bb41b509",
  "fail_reasons": [
    "calib_incomplete",
    "calib_state_not_done",
    "bist_not_done"
  ],
  "fields": {
    "abort_debug": {
      "data_start_index": 0,
      "dq_target_index": 33,
      "instruction_address": 22,
      "lane": 0,
      "lane_read_dq_early": false,
      "lane_write_dq_late": true,
      "reason": 2,
      "reason_name": "check_starting_data_search_exhausted",
      "seen": true,
      "start_index_check": 48,
      "state_calibrate": 14
    },
    "bist_counts": 0,
    "bist_done": false,
    "bist_mode": 2,
    "calib_complete": false,
    "calib_gate_debug": {
      "final_calibration_done": false,
      "idelayctrl_rdy": true,
      "initial_calibration_done": false,
      "instruction_address": 2,
      "phy_reset": false,
      "state_calibrate": 0,
      "sync_rst_controller": false
    },
    "clk_locked": true,
    "correct_read_data": 0,
    "debug1": 0,
    "debug_calib_abort": 286023860229,
    "debug_calib_gate": 1088,
    "debug_idelay": 771,
    "debug_startup": 12587560958566058752,
    "idelay_debug": {
      "data_cntvalueout": [
        25,
        25,
        25,
        25,
        25,
        25,
        25,
        25,
        26,
        26,
        26,
        26,
        26,
        26,
        26,
        26
      ],
      "data_load_seen_mask": 3,
      "data_mismatch_lane_mask": 0,
      "dqs_cntvalueout": [
        2,
        3
      ],
      "dqs_load_seen_mask": 3,
      "dqs_mismatch_lane_mask": 0
    },
    "magic": 860115524,
    "phy_debug": {
      "cmd_cke": false,
      "cmd_reset_n": true,
      "startup_combined_ready": true,
      "startup_dci_locked": true,
      "startup_idelayctrl_rdy": true,
      "startup_raw": 14,
      "startup_sync_rst": false,
      "status_raw": 2,
      "sync_rst": false
    },
    "rst_n": true,
    "startup_debug": {
      "cycles_since_reset_release": 44720,
      "done_ever": false,
      "final_calibration_done": false,
      "idelay_data_load_seen_any": true,
      "idelay_data_tap_mismatch_seen": false,
      "idelay_dqs_load_seen_any": true,
      "idelay_dqs_tap_mismatch_seen": false,
      "idelay_load_seen": true,
      "idelayctrl_rdy_ever": true,
      "initial_calibration_done": false,
      "instruction_13_ever": true,
      "last_actual_data_tap": 0,
      "last_actual_dqs_tap": 0,
      "last_expected_data_tap": 0,
      "last_expected_dqs_tap": 0,
      "phy_reset": false,
      "phy_reset_reasserted_after_release": true,
      "phy_reset_released_ever": true,
      "reset_after_rank_1": false,
      "reset_after_rank_1_ever": false,
      "reset_from_calibrate": false,
      "reset_from_calibrate_ever": true,
      "reset_from_test": false,
      "reset_from_test_ever": false,
      "reset_from_wb2": false,
      "reset_from_wb2_ever": false,
      "state0_ready_gate_ever": true,
      "state_ever_nonzero": true,
      "state_returned_idle_after_nonzero": true,
      "sync_rst_controller": false,
      "sync_rst_reasserted_after_release": true,
      "sync_rst_released_ever": true,
      "wrong_read_seen": false
    },
    "state_calibrate": 0,
    "version": 3,
    "wrong_read_data": 0
  },
  "finished_at": "2026-05-27T19:01:17.759464+00:00",
  "jtag": {
    "backend": "ftdi-mpsse",
    "bits": 960,
    "ir_len": 6,
    "serial": "210299BF3824",
    "user_ir": 2
  },
  "pass": false,
  "programmer": {
    "cable": "digilent_hs3",
    "checkout_commit": "3ae5e5e",
    "path": "/home/roland/openFPGALoader/build-user/openFPGALoader"
  },
  "programming": {
    "command": [
      "/home/roland/openFPGALoader/build-user/openFPGALoader",
      "-c",
      "digilent_hs3",
      "--bitstream",
      "/nix/store/ps3lqnmy02vrrn73rvm4s0cp7kgmwqsk-ypcb-ddr3-bitstream-seed-6/ypcb_00338_1p1_ddr3_openxc7.bit"
    ],
    "output": "empty\nJtag frequency : requested 6.00MHz    -> real 6.00MHz   \nOpen file DONE\nParse file DONE\nload program\n\nLoad SRAM: [==                                                ] 3.00%\n\nLoad SRAM: [====                                              ] 7.00%\n\nLoad SRAM: [======                                            ] 11.00%\n\nLoad SRAM: [========                                          ] 15.00%\n\nLoad SRAM: [==========                                        ] 19.00%\n\nLoad SRAM: [============                                      ] 23.00%\n\nLoad SRAM: [==============                                    ] 27.00%\n\nLoad SRAM: [================                                  ] 31.00%\n\nLoad SRAM: [==================                                ] 35.00%\n\nLoad SRAM: [====================                              ] 39.00%\n\nLoad SRAM: [======================                            ] 43.00%\n\nLoad SRAM: [========================                          ] 47.00%\n\nLoad SRAM: [==========================                        ] 51.00%\n\nLoad SRAM: [============================                      ] 55.00%\n\nLoad SRAM: [==============================                    ] 59.00%\n\nLoad SRAM: [================================                  ] 63.00%\n\nLoad SRAM: [==================================                ] 67.00%\n\nLoad SRAM: [====================================              ] 71.00%\n\nLoad SRAM: [======================================            ] 75.00%\n\nLoad SRAM: [========================================          ] 79.00%\n\nLoad SRAM: [==========================================        ] 83.00%\n\nLoad SRAM: [============================================      ] 87.00%\n\nLoad SRAM: [==============================================    ] 91.00%\n\nLoad SRAM: [================================================  ] 95.00%\n\nLoad SRAM: [==================================================] 99.00%\n\nLoad SRAM: [==================================================] 100.00%\n\nDone\nShift IR 35\nir: 1 isc_done 1 isc_ena 0 init 1 done 1\n",
    "returncode": 0
  },
  "raw_hex": "0x00000000000000000000000000000000000000000000000000000000000000000000000000000000000000000000000000000000000000000000000000000000000000000000000000000000010a616700175ad6b5ad6b39ce739ce46220e0000030300000440aeb0000003033344524400000000e7cb003",
  "started_at": "2026-05-27T19:00:36.831677+00:00"
}
