#-----------------------------------------------------------
# Vivado v2025.2.1 (64-bit)
# SW Build 6403652 on Thu Mar 19 13:47:00 MDT 2026
# IP Build 6403511 on Thu Mar 19 12:41:45 MDT 2026
# SharedData Build 6403650 on Thu Mar 19 14:02:13 MDT 2026
# Start of session at: Wed May 20 11:49:32 2026
# Process ID         : 3393577
# Current directory  : /home/roland/UberDDR3_vainilla/example_demo/ypcb_00338_1p1
# Command line       : vivado -mode batch -source /tmp/ypcb_report_vivado_props.tcl
# Log file           : /home/roland/UberDDR3_vainilla/example_demo/ypcb_00338_1p1/vivado.log
# Journal file       : /home/roland/UberDDR3_vainilla/example_demo/ypcb_00338_1p1/vivado.jou
# Running On         : roland-XPS-9320
# Platform           : Ubuntu
# Operating System   : Ubuntu 24.04.4 LTS
# Processor Detail   : 13th Gen Intel(R) Core(TM) i7-1360P
# CPU Frequency      : 3773.241 MHz
# CPU Physical cores : 12
# CPU Logical cores  : 16
# Host memory        : 33244 MB
# Swap memory        : 8589 MB
# Total Virtual      : 41834 MB
# Available Virtual  : 24693 MB
#-----------------------------------------------------------
source /tmp/ypcb_report_vivado_props.tcl
# open_checkpoint build/ypcb_00338_1p1_ddr3_vivado_calib_only_routed.dcp
Command: open_checkpoint build/ypcb_00338_1p1_ddr3_vivado_calib_only_routed.dcp

Starting open_checkpoint Task

Time (s): cpu = 00:00:00.05 ; elapsed = 00:00:00.03 . Memory (MB): peak = 1584.914 ; gain = 0.000 ; free physical = 12526 ; free virtual = 23140
INFO: [Device 21-403] Loading part xc7k480tffg1156-2
Netlist sorting complete. Time (s): cpu = 00:00:00.03 ; elapsed = 00:00:00.04 . Memory (MB): peak = 1839.457 ; gain = 0.000 ; free physical = 12499 ; free virtual = 23082
INFO: [Netlist 29-17] Analyzing 621 Unisim elements for replacement
INFO: [Netlist 29-28] Unisim Transformation completed in 0 CPU seconds
INFO: [Project 1-479] Netlist was created with Vivado 2025.2.1
INFO: [Project 1-570] Preparing netlist for logic optimization
Read ShapeDB Complete: Time (s): cpu = 00:00:00.02 ; elapsed = 00:00:00.02 . Memory (MB): peak = 1959.863 ; gain = 0.000 ; free physical = 12346 ; free virtual = 22928
INFO: [Timing 38-478] Restoring timing data from binary archive.
INFO: [Timing 38-479] Binary timing data restore complete.
INFO: [Project 1-856] Restoring constraints from binary archive.
INFO: [Project 1-853] Binary constraint restore complete.
INFO: [Designutils 20-5722] Start Reading Physical Databases.
Reading placement.
Read Netlist Cache: Time (s): cpu = 00:00:00.01 ; elapsed = 00:00:00.01 . Memory (MB): peak = 2566.605 ; gain = 0.000 ; free physical = 11723 ; free virtual = 22318
Reading placer database...
Read Device Cache: Time (s): cpu = 00:00:00.01 ; elapsed = 00:00:00.01 . Memory (MB): peak = 2566.605 ; gain = 0.000 ; free physical = 11723 ; free virtual = 22318
Read PlaceDB: Time (s): cpu = 00:00:00 ; elapsed = 00:00:00 . Memory (MB): peak = 2566.605 ; gain = 0.000 ; free physical = 11723 ; free virtual = 22318
Read placeStorage: Time (s): cpu = 00:00:00.24 ; elapsed = 00:00:00.24 . Memory (MB): peak = 2566.605 ; gain = 0.000 ; free physical = 11715 ; free virtual = 22310
Read PulsedLatchDB: Time (s): cpu = 00:00:00 ; elapsed = 00:00:00 . Memory (MB): peak = 2566.605 ; gain = 0.000 ; free physical = 11715 ; free virtual = 22310
Reading routing.
Read RouteStorage: Time (s): cpu = 00:00:00.23 ; elapsed = 00:00:00.08 . Memory (MB): peak = 2568.605 ; gain = 2.000 ; free physical = 11707 ; free virtual = 22301
Read Physdb Files: Time (s): cpu = 00:00:00.49 ; elapsed = 00:00:00.34 . Memory (MB): peak = 2568.605 ; gain = 2.000 ; free physical = 11707 ; free virtual = 22301
Restored from archive | CPU: 0.540000 secs | Memory: 15.325859 MB |
Finished XDEF File Restore: Time (s): cpu = 00:00:00.52 ; elapsed = 00:00:00.37 . Memory (MB): peak = 2568.605 ; gain = 5.969 ; free physical = 11707 ; free virtual = 22301
Netlist sorting complete. Time (s): cpu = 00:00:00.01 ; elapsed = 00:00:00 . Memory (MB): peak = 2570.605 ; gain = 0.000 ; free physical = 11707 ; free virtual = 22301
INFO: [Project 1-111] Unisim Transformation Summary:
  A total of 73 instances were transformed.
  IOBUF => IOBUF (IBUF, OBUFT): 64 instances
  IOBUFDS => IOBUFDS (IBUFDS, INV, OBUFTDS(x2)): 8 instances
  OBUFDS => OBUFDS_DUAL_BUF (INV, OBUFDS(x2)): 1 instance 

INFO: [Project 1-604] Checkpoint was created with Vivado v2025.2.1 (64-bit) build 6403652
open_checkpoint: Time (s): cpu = 00:00:17 ; elapsed = 00:00:11 . Memory (MB): peak = 2578.641 ; gain = 1125.805 ; free physical = 11707 ; free virtual = 22301
# set fp [open /tmp/ypcb_vivado_calib_lanes01_props.txt w]
# set patterns {
#   *genblk5[0].IDELAYE2_data
#   *genblk5[0].ISERDESE2_data
#   *genblk5[1].IDELAYE2_data
#   *genblk5[1].ISERDESE2_data
#   *genblk5[2].IDELAYE2_data
#   *genblk5[2].ISERDESE2_data
#   *genblk5[3].IDELAYE2_data
#   *genblk5[3].ISERDESE2_data
#   *genblk5[4].IDELAYE2_data
#   *genblk5[4].ISERDESE2_data
#   *genblk5[5].IDELAYE2_data
#   *genblk5[5].ISERDESE2_data
#   *genblk5[6].IDELAYE2_data
#   *genblk5[6].ISERDESE2_data
#   *genblk5[7].IDELAYE2_data
#   *genblk5[7].ISERDESE2_data
#   *genblk5[8].IDELAYE2_data
#   *genblk5[8].ISERDESE2_data
#   *genblk5[9].IDELAYE2_data
#   *genblk5[9].ISERDESE2_data
#   *genblk5[10].IDELAYE2_data
#   *genblk5[10].ISERDESE2_data
#   *genblk5[11].IDELAYE2_data
#   *genblk5[11].ISERDESE2_data
#   *genblk5[12].IDELAYE2_data
#   *genblk5[12].ISERDESE2_data
#   *genblk5[13].IDELAYE2_data
#   *genblk5[13].ISERDESE2_data
#   *genblk5[14].IDELAYE2_data
#   *genblk5[14].ISERDESE2_data
#   *genblk5[15].IDELAYE2_data
#   *genblk5[15].ISERDESE2_data
#   *genblk7[0].IDELAYE2_dqs
#   *genblk7[0].ISERDESE2_dqs
#   *genblk7[1].IDELAYE2_dqs
#   *genblk7[1].ISERDESE2_dqs
# }
# set wanted {REF_NAME SITE BEL LOC IS_CE_INVERTED IS_CLK_INVERTED IS_CLKB_INVERTED IS_RST_INVERTED IS_DATAIN_INVERTED IS_IDATAIN_INVERTED DATA_RATE DATA_WIDTH INTERFACE_TYPE IOBDELAY SERDES_MODE IDELAY_TYPE IDELAY_VALUE DELAY_SRC HIGH_PERFORMANCE_MODE SIGNAL_PATTERN}
# foreach pat $patterns {
#   set cells [get_cells -hierarchical $pat]
#   foreach c $cells {
#     puts $fp "CELL\t$c"
#     foreach prop $wanted {
#       if {![catch {set v [get_property $prop $c]}]} {
#         puts $fp "$prop\t$v"
#       }
#     }
#   }
# }
# close $fp
# exit
INFO: [Common 17-206] Exiting Vivado at Wed May 20 11:49:45 2026...
